## Proceso : ps
    PID TTY          TIME CMD
   8684 pts/0    00:00:00 bash
  88130 pts/0    00:00:00 java
  88157 pts/0    00:00:00 ps

## Proceso : df
Filesystem                    1K-blocks    Used Available Use% Mounted on
udev                            4032100       0   4032100   0% /dev
tmpfs                            813084     692    812392   1% /run
/dev/mapper/debian12--vg-root  23852880 5096412  17519476  23% /
tmpfs                           4065416   65056   4000360   2% /dev/shm
tmpfs                              5120       0      5120   0% /run/lock
/dev/sda1                        465124  211976    228214  49% /boot
/dev/mapper/debian12--vg-tmp    1880592     308   1766416   1% /tmp
/dev/mapper/debian12--vg-var    9509056 2536064   6468368  29% /var
/dev/mapper/debian12--vg-home 219851752 3994596 204616504   2% /home
tmpfs                            813080      28    813052   1% /run/user/1000

## Proceso : free
               total        used        free      shared  buff/cache   available
Mem:         8130836     5290456     1714232       88448     1486228     2840380
Swap:         999420           0      999420

