## Proceso : ps
    PID TTY          TIME CMD
  28587 pts/1    00:00:00 bash
  29702 pts/1    00:00:00 java
  29729 pts/1    00:00:00 ps
## Proceso : df
Filesystem                    1K-blocks    Used Available Use% Mounted on
udev                            4032108       0   4032108   0% /dev
tmpfs                            813088     700    812388   1% /run
/dev/mapper/debian12--vg-root  23852880 5096412  17519476  23% /
tmpfs                           4065424   64260   4001164   2% /dev/shm
tmpfs                              5120       0      5120   0% /run/lock
/dev/sda1                        465124  211976    228214  49% /boot
/dev/mapper/debian12--vg-tmp    1880592     660   1766064   1% /tmp
/dev/mapper/debian12--vg-var    9509056 2536072   6468360  29% /var
/dev/mapper/debian12--vg-home 219851752 4037752 204573348   2% /home
tmpfs                            813084      28    813056   1% /run/user/1000
## Proceso : free
               total        used        free      shared  buff/cache   available
Mem:         8130852     5586196      843708      102716     2081664     2544656
Swap:         999420           0      999420
