    PID TTY          TIME CMD
  38964 pts/1    00:00:00 bash
  48211 pts/1    00:00:00 java
  48231 pts/1    00:00:00 ps
Filesystem                    1K-blocks    Used Available Use% Mounted on
udev                            4031852       0   4031852   0% /dev
tmpfs                            813036     708    812328   1% /run
/dev/mapper/debian12--vg-root  23852880 5098132  17517756  23% /
tmpfs                           4065168   50072   4015096   2% /dev/shm
tmpfs                              5120       0      5120   0% /run/lock
/dev/mapper/debian12--vg-tmp    1880592   95952   1670772   6% /tmp
/dev/mapper/debian12--vg-var    9509056 2570632   6433800  29% /var
/dev/mapper/debian12--vg-home 219851752 5121532 203489568   3% /home
/dev/sda1                        465124  211976    228214  49% /boot
tmpfs                            813032      36    812996   1% /run/user/1000
               total        used        free      shared  buff/cache   available
Mem:         8130340     3829152     2582336       73384     2071056     4301188
Swap:         999420           0      999420
